// Jest Snapshot v1, https://goo.gl/fbAQLP

exports[`Notification is a Vue instance 1`] = `
"<div class=\\"
    flex
    bg-gray-100
    items-center
    justify-between
    p-4
    rounded-md
    border-[1px]
  \\">
  <div></div> <button class=\\"w-4\\"><img src=\\"data:image/png;base64,iVBORw0KGgoAAAANSUhEUgAAABgAAAAYCAYAAADgdz34AAAABmJLR0QA/wD/AP+gvaeTAAAAnElEQVRIie2VSw6DMAwFB+7QCC5Y7guoSPQw6caRgFapP7DjbcmbIUg2cMeRJ5AcvSTdagYgA5NRkoBZukPt4AMY5eAC9Er4tOl0/woWiRlukbjhGkkYXpOcBv8lWQV6GnwreQk4A28tvA1Im0B3l+MnKjfRzokaXoCeYVTDNc/C8LDEUjRLPG9l6pR1PWNf12W6q+saLv7h3PnKB/1VUtVNViCxAAAAAElFTkSuQmCC\\"></button>
</div>"
`;
